201 6 1 395
201 7 2 1139
301 516 3 483
145 520 1 2950
201 521 1 1052
225 941 3 1543
408 1310 3 2141
205 1724 1 748
159 1725 2 912
100 2295 1 0
100 2296 1 1
100 2297 1 2
155 2869 2 2471
