1013 184165 2 3952557
36549 184167 1 2
1024 531893 2 1941758
5559 656460 1 3
133590 753655 1 1233196
553522 753656 1 3917707
223326 795908 1 1568125
1689 1115837 3 3847602
384483 1565657 1 7
1341 1845348 2 1080541
4424 2091834 1 5
2894 2091835 1 8
4193 2119880 1 4
5817 2234700 1 1
1152 2478777 2 735510
1388 2483572 2 741570
1222629 2707884 1 4320522
395044 2707885 1 2507488
849133 2932318 1 638191
283627 2932319 1 5024246
2300 2961977 1 499794
2300 2961978 1 3006216
159771 3386209 1 6
1654 3407189 1 0
2858 4366631 1 3217313
2766 4366632 1 637160
352607 4409079 1 5037278
430903 4409080 1 1371307
1135 4964492 2 1090900
2341 5002767 2 4009955
