21 498 1 395
21 499 2 1139
215 516 3 1031
25 571 1 748
25 572 2 2950
12 863 6 1062
225 941 3 902
74 976 3 938
24 979 3 2456
408 1310 3 1292
10 1866 1 0
10 1867 1 1
10 1868 1 2
21 2527 2 2471
21 2529 1 1052
53 2869 3 2872
