4 8 1 8
4 9 2 9
5 11 1 37
5 18 2 78
4 23 3 23
16 26 1 15
5 33 2 29
5 35 1 31
5 41 2 64
4 43 2 43
8 45 1 58
7 46 1 22
8 47 1 16
4 48 2 48
4 51 1 51
7 52 1 92
4 62 2 62
8 67 1 5
4 68 2 68
6 76 1 74
15 77 1 0
4 81 1 81
5 83 1 38
4 86 1 86
7 87 1 36
5 90 2 60
4 96 2 96
5 98 1 85
