10 152 2 152
16 356 1 1034
391 457 1 1
713 458 1 0
36 660 1 512
582 661 1 765
10 1118 2 1118
296 1403 1 1783
