1013 184165
36549 184167
1024 531893
5559 656460
133590 753655
553522 753656
223326 795908
1689 1115837
384483 1565657
1341 1845348
4424 2091834
2894 2091835
4193 2119880
5817 2234700
1152 2478777
1388 2483572
1222629 2707884
395044 2707885
849133 2932318
283627 2932319
2300 2961977
2300 2961978
159771 3386209
1654 3407189
2858 4366631
2766 4366632
352607 4409079
430903 4409080
1135 4964492
2341 5002767
