201 6
201 7
301 516
145 520
201 521
225 941
408 1310
205 1724
159 1725
100 2295
100 2296
100 2297
155 2869
