21 498
21 499
215 516
25 571
25 572
12 863
225 941
74 976
24 979
408 1310
10 1866
10 1867
10 1868
21 2527
21 2529
53 2869
