1000001 501986
1000001 829189
1000001 1065275
1000001 1237678
1000001 2906230
1000001 3024787
1000001 6017002
1000001 9055419
1000001 9282333
1000001 9490342
