10 152
16 356
391 457
713 458
36 660
582 661
10 1118
296 1403
