1000001 412847
1000001 463727
1000001 2829553
1000001 5479037
1000001 5579287
1000001 5708425
1000001 6069389
1000001 7548730
1000001 8276833
1000001 8696781
