1000001 202289
1000001 644201
1000001 1053453
1000001 4972533
1000001 5206733
1000001 5584938
1000001 7238798
1000001 7970058
1000001 8942592
1000001 9803437
