1000001 1526909
1000001 3019275
1000001 3067770
1000001 3451612
1000001 3567434
1000001 4505457
1000001 5842252
1000001 5923294
1000001 8794320
1000001 8925265
