1000001 89259
1000001 3406591
1000001 3556979
1000001 4507173
1000001 4540262
1000001 6071327
1000001 6767344
1000001 7183524
1000001 7758879
1000001 9161662
