1000001 681498
1000001 1120717
1000001 2395568
1000001 3570515
1000001 3802673
1000001 3912035
1000001 4812214
1000001 6468724
1000001 7235243
1000001 9550550
