4 8
4 9
5 11
5 18
4 23
16 26
5 33
5 35
5 41
4 43
8 45
7 46
8 47
4 48
4 51
7 52
4 62
8 67
4 68
6 76
15 77
4 81
5 83
4 86
7 87
5 90
4 96
5 98
