45 51
10 52
21 61
79 62
13 85
107 86
10 152
105 272
23 273
8 337
9 345
14 356
27 427
9 428
32 447
19 448
8 462
25 469
9 470
8 499
157 589
25 590
8 593
40 601
36 602
120 614
14 615
8 628
8 632
8 638
8 669
74 691
32 692
17 706
11 707
9 749
32 776
19 777
13 865
129 866
10 892
56 893
28 894
9 914
34 931
12 932
8 977
8 1007
8 1009
8 1113
10 1118
8 1220
57 1403
19 1408
14 1410
8 1456
223 1589
48 1590
8 1607
109 1608
8 1609
80 1614
24 1615
8 1716
9 1726
8 1736
45 1777
23 1778
21 1842
10 1843
8 1904
16 1910
44 1911
53 1950
89 1951
